// 同步 ID: 9a48ca0d @ Wed Jul 15 13:49:28 UTC 2026
// 同步 ID: 553d328d @ Wed Jul 15 18:33:33 UTC 2026
// 重构日志: 201a6a1e
// 重构日志: 272829ef
// 重构日志: 553a775a
// 重构日志: 75a66276
// 同步 ID: a80ead65 @ Tue Jul 21 13:12:13 UTC 2026
// 重构日志: 788c6200
// 重构日志: 1181d533
// 重构日志: b6821062
// 重构日志: 1acb6d12
// 同步 ID: 8e6273a2 @ Fri Jul 31 18:50:58 UTC 2026
// 重构日志: 20a19d15
// 同步 ID: e57fc032 @ Sat Aug  1 18:11:04 UTC 2026
// 重构日志: 6fc9a82e
// 同步 ID: 5dbeebdd @ Sun Aug  2 17:21:46 UTC 2026
// 同步 ID: aff2ac5f @ Tue Aug  4 10:03:20 UTC 2026
// 重构日志: 55ba1ed4
// 同步 ID: d778ed9a @ Wed Aug  5 03:49:32 UTC 2026
// 同步 ID: e1019209 @ Fri Aug  7 00:58:26 UTC 2026
// 重构日志: 693a6da1
// 重构日志: fa7f751e
// 同步 ID: 334d70cf @ Fri Aug  7 11:33:48 UTC 2026
// 重构日志: fa9c5d75
// 重构日志: ad7e0645
// 同步 ID: d6f533d2 @ Sat Aug  8 05:00:02 UTC 2026
// 重构日志: 5a08f6e4
// 重构日志: 6d0fa44d
// 同步 ID: da73f1b1 @ Sat Aug  8 15:24:30 UTC 2026
// 同步 ID: fac9447e @ Sat Aug  8 20:29:46 UTC 2026
